Zadejte cislo pro vypocet faktorialu? 
Vysledek je: 24