Zadejte cislo pro vypocet faktorialu? 
Vysledek je: 3628800